
> codedeleet-v2@2.2.0 test
> npm run build && node --test tests/*.test.mjs


> codedeleet-v2@2.2.0 build
> tsc -p tsconfig.json && node scripts/build.mjs

Built static site in dist. No serverless functions or secrets required.
TAP version 13
# Subtest: Both shipped packs validate, IDs are unique and all 27 v1 IDs remain
ok 1 - Both shipped packs validate, IDs are unique and all 27 v1 IDs remain
  ---
  duration_ms: 6.02158
  type: 'test'
  ...
# Subtest: All 13 renderer contracts are represented and execution claims are bounded
ok 2 - All 13 renderer contracts are represented and execution claims are bounded
  ---
  duration_ms: 2.738825
  type: 'test'
  ...
# Subtest: V1 migration preserves every existing field and does not mutate input
ok 3 - V1 migration preserves every existing field and does not mutate input
  ---
  duration_ms: 2.63413
  type: 'test'
  ...
# Subtest: Backup merge keeps newer local additions, imports newer remote drafts, and retains device settings
ok 4 - Backup merge keeps newer local additions, imports newer remote drafts, and retains device settings
  ---
  duration_ms: 1.338615
  type: 'test'
  ...
# Subtest: Equal timestamp never overwrites current draft
ok 5 - Equal timestamp never overwrites current draft
  ---
  duration_ms: 0.268318
  type: 'test'
  ...
# Subtest: Pack imports protect built-ins, reject collisions, reject implicit deletion, and require version increases
ok 6 - Pack imports protect built-ins, reject collisions, reject implicit deletion, and require version increases
  ---
  duration_ms: 2.42899
  type: 'test'
  ...
# Subtest: Pack upgrade does not erase progress or orphan saved additions
ok 7 - Pack upgrade does not erase progress or orphan saved additions
  ---
  duration_ms: 0.508464
  type: 'test'
  ...
# Subtest: Dangerous IDs, non-HTTPS sources, invalid engine and corrupt attempts are rejected
ok 8 - Dangerous IDs, non-HTTPS sources, invalid engine and corrupt attempts are rejected
  ---
  duration_ms: 0.512922
  type: 'test'
  ...
# Subtest: Unreadable storage is surfaced instead of silently reset
ok 9 - Unreadable storage is surfaced instead of silently reset
  ---
  duration_ms: 0.553938
  type: 'test'
  ...
# Subtest: Specialist imports cannot acquire a misleading execution badge
ok 10 - Specialist imports cannot acquire a misleading execution badge
  ---
  duration_ms: 0.923976
  type: 'test'
  ...
# Subtest: Deepnote only accepts explicit correct-host HTTPS URLs, with stricter embed paths
ok 11 - Deepnote only accepts explicit correct-host HTTPS URLs, with stricter embed paths
  ---
  duration_ms: 0.52755
  type: 'test'
  ...
# Subtest: Blank or unsafe Deepnote mappings render no live link
ok 12 - Blank or unsafe Deepnote mappings render no live link
  ---
  duration_ms: 0.318562
  type: 'test'
  ...
# Subtest: Layout clamps bounds and HTML escaping covers payloads
ok 13 - Layout clamps bounds and HTML escaping covers payloads
  ---
  duration_ms: 0.287334
  type: 'test'
  ...
# Subtest: Read-only SQL accepts useful queries, rejects writes, multiple statements and external table functions
ok 14 - Read-only SQL accepts useful queries, rejects writes, multiple statements and external table functions
  ---
  duration_ms: 1.394109
  type: 'test'
  ...
# Subtest: Result comparison respects row order and duplicate multiplicity
ok 15 - Result comparison respects row order and duplicate multiplicity
  ---
  duration_ms: 0.308403
  type: 'test'
  ...
# Subtest: Staging commits only the index and preserves untracked notes
ok 16 - Staging commits only the index and preserves untracked notes
  ---
  duration_ms: 3.810294
  type: 'test'
  ...
# Subtest: Commit does not include working changes made after staging
ok 17 - Commit does not include working changes made after staging
  ---
  duration_ms: 0.502192
  type: 'test'
  ...
# Subtest: Divergent merge creates a two-parent commit without rewriting histories
ok 18 - Divergent merge creates a two-parent commit without rewriting histories
  ---
  duration_ms: 1.748446
  type: 'test'
  ...
# Subtest: Fast-forward moves the branch and creates no merge object
ok 19 - Fast-forward moves the branch and creates no merge object
  ---
  duration_ms: 0.674513
  type: 'test'
  ...
# Subtest: Rebase replays linear feature commits with new IDs and original provenance
ok 20 - Rebase replays linear feature commits with new IDs and original provenance
  ---
  duration_ms: 1.037376
  type: 'test'
  ...
# Subtest: Fetch imports remote objects and tracking refs, not local files or branch
ok 21 - Fetch imports remote objects and tracking refs, not local files or branch
  ---
  duration_ms: 0.777764
  type: 'test'
  ...
# Subtest: Pull only fast-forwards; divergence is explicit and atomic
ok 22 - Pull only fast-forwards; divergence is explicit and atomic
  ---
  duration_ms: 1.107235
  type: 'test'
  ...
# Subtest: Conflict remains unmerged until resolved and staged; non-conflicting changes are retained
ok 23 - Conflict remains unmerged until resolved and staged; non-conflicting changes are retained
  ---
  duration_ms: 2.490725
  type: 'test'
  ...
# Subtest: Staged conflict markers are rejected by the teaching guard
ok 24 - Staged conflict markers are rejected by the teaching guard
  ---
  duration_ms: 0.847664
  type: 'test'
  ...
# Subtest: reset --soft changes the appropriate layers
ok 25 - reset --soft changes the appropriate layers
  ---
  duration_ms: 0.854737
  type: 'test'
  ...
# Subtest: reset --mixed changes the appropriate layers
ok 26 - reset --mixed changes the appropriate layers
  ---
  duration_ms: 0.360169
  type: 'test'
  ...
# Subtest: reset --hard changes the appropriate layers
ok 27 - reset --hard changes the appropriate layers
  ---
  duration_ms: 0.414369
  type: 'test'
  ...
# Subtest: Restore --staged keeps the working change and ordinary restore resets a tracked working file
ok 28 - Restore --staged keeps the working change and ordinary restore resets a tracked working file
  ---
  duration_ms: 0.482095
  type: 'test'
  ...
# Subtest: Detached work can be rescued with a named branch
ok 29 - Detached work can be rescued with a named branch
  ---
  duration_ms: 0.389222
  type: 'test'
  ...
# Subtest: Revert creates inverse commit rather than deleting the original
ok 30 - Revert creates inverse commit rather than deleting the original
  ---
  duration_ms: 0.300979
  type: 'test'
  ...
# Subtest: Stash has explicit tracked/untracked behavior
ok 31 - Stash has explicit tracked/untracked behavior
  ---
  duration_ms: 0.5601
  type: 'test'
  ...
# Subtest: Unsafe/unsupported commands fail without changing semantic state and have visible errors
ok 32 - Unsafe/unsupported commands fail without changing semantic state and have visible errors
  ---
  duration_ms: 1.41683
  type: 'test'
  ...
# Subtest: Dependency cycle is rejected before simulation
ok 33 - Dependency cycle is rejected before simulation
  ---
  duration_ms: 4.009534
  type: 'test'
  ...
# Subtest: DAG repair removes bypass and failure blocks downstream until a retry
ok 34 - DAG repair removes bypass and failure blocks downstream until a retry
  ---
  duration_ms: 1.684718
  type: 'test'
  ...
# Subtest: Skip propagation and none_failed_min_one_success behave distinctly
ok 35 - Skip propagation and none_failed_min_one_success behave distinctly
  ---
  duration_ms: 0.738781
  type: 'test'
  ...
# Subtest: ADF Failed/Completed conditions are evaluated against upstream status
ok 36 - ADF Failed/Completed conditions are evaluated against upstream status
  ---
  duration_ms: 0.42505
  type: 'test'
  ...
# Subtest: Custom diagram roundtrip preserves retry metadata and edges
ok 37 - Custom diagram roundtrip preserves retry metadata and edges
  ---
  duration_ms: 1.561199
  type: 'test'
  ...
# Subtest: Malformed graph IDs, foreign edges and coordinates are rejected; labels are escaped
ok 38 - Malformed graph IDs, foreign edges and coordinates are rejected; labels are escaped
  ---
  duration_ms: 1.024392
  type: 'test'
  ...
# Subtest: Sales revenue, filters, BLANK and CALCULATE replacement match fixture contracts
ok 39 - Sales revenue, filters, BLANK and CALCULATE replacement match fixture contracts
  ---
  duration_ms: 2.989059
  type: 'test'
  ...
# Subtest: Inactive customer relationship stops country filter propagation
ok 40 - Inactive customer relationship stops country filter propagation
  ---
  duration_ms: 0.331696
  type: 'test'
  ...
# Subtest: DAX unsupported syntax and implicit context transition reject explicitly
ok 41 - DAX unsupported syntax and implicit context transition reject explicitly
  ---
  duration_ms: 0.880084
  type: 'test'
  ...
# Subtest: Model grain and active dimension paths are checked separately
ok 42 - Model grain and active dimension paths are checked separately
  ---
  duration_ms: 0.868392
  type: 'test'
  ...
# Subtest: Configuration case arch-kubernetes: reference satisfies bounded checks, starter has a defect
ok 43 - Configuration case arch-kubernetes: reference satisfies bounded checks, starter has a defect
  ---
  duration_ms: 0.978056
  type: 'test'
  ...
# Subtest: Configuration case v2-tofu-replacement: reference satisfies bounded checks, starter has a defect
ok 44 - Configuration case v2-tofu-replacement: reference satisfies bounded checks, starter has a defect
  ---
  duration_ms: 1.350357
  type: 'test'
  ...
# Subtest: Configuration case v2-k8-selector: reference satisfies bounded checks, starter has a defect
ok 45 - Configuration case v2-k8-selector: reference satisfies bounded checks, starter has a defect
  ---
  duration_ms: 0.41478
  type: 'test'
  ...
# Subtest: Configuration case v2-docker-cache: reference satisfies bounded checks, starter has a defect
ok 46 - Configuration case v2-docker-cache: reference satisfies bounded checks, starter has a defect
  ---
  duration_ms: 0.534933
  type: 'test'
  ...
# Subtest: 12 unique presets share four labs and three slots
ok 47 - 12 unique presets share four labs and three slots
  ---
  duration_ms: 2.163637
  type: 'test'
  ...
# Subtest: Every preset resolves desktop and phone without mutating presentation
ok 48 - Every preset resolves desktop and phone without mutating presentation
  ---
  duration_ms: 5.325787
  type: 'test'
  ...
# Subtest: Invalid presentation clamps without accepting arbitrary enum values
ok 49 - Invalid presentation clamps without accepting arbitrary enum values
  ---
  duration_ms: 0.415121
  type: 'test'
  ...
# Subtest: Legacy pane sizes migrate only once, not over new preferences
ok 50 - Legacy pane sizes migrate only once, not over new preferences
  ---
  duration_ms: 0.48451
  type: 'test'
  ...
# Subtest: Mode-specific sizes, docking and pins are independent
ok 51 - Mode-specific sizes, docking and pins are independent
  ---
  duration_ms: 0.223064
  type: 'test'
  ...
# Subtest: Focus restores all layout sizes, docking, navigation and original tool state exactly
ok 52 - Focus restores all layout sizes, docking, navigation and original tool state exactly
  ---
  duration_ms: 0.497323
  type: 'test'
  ...
# Subtest: Output dock and tools remain orthogonal
ok 53 - Output dock and tools remain orthogonal
  ---
  duration_ms: 0.295188
  type: 'test'
  ...
# Subtest: Unsafe pin and hidden-context dock fall back without changing preference
ok 54 - Unsafe pin and hidden-context dock fall back without changing preference
  ---
  duration_ms: 0.206424
  type: 'test'
  ...
# Subtest: Stale fingerprint includes evaluated inputs but excludes notes, status and presentation
ok 55 - Stale fingerprint includes evaluated inputs but excludes notes, status and presentation
  ---
  duration_ms: 0.65162
  type: 'test'
  ...
# Subtest: Run status exposes failure count, stale, running, cancellation and runtime failure independently
ok 56 - Run status exposes failure count, stale, running, cancellation and runtime failure independently
  ---
  duration_ms: 0.68443
  type: 'test'
  ...
# Subtest: Actual/expected evidence is rendered only from a returned attempt
ok 57 - Actual/expected evidence is rendered only from a returned attempt
  ---
  duration_ms: 21.998622
  type: 'test'
  ...
# Subtest: All authored cases validate, resolve same-lab refs and use independent task artifacts
ok 58 - All authored cases validate, resolve same-lab refs and use independent task artifacts
  ---
  duration_ms: 1.224212
  type: 'test'
  ...
# Subtest: Case page and task cursors move independently; standalone drafts untouched
ok 59 - Case page and task cursors move independently; standalone drafts untouched
  ---
  duration_ms: 0.791499
  type: 'test'
  ...
# Subtest: Explicit standalone copy checkpoints current case before reuse; restoration is non-destructive
ok 60 - Explicit standalone copy checkpoints current case before reuse; restoration is non-destructive
  ---
  duration_ms: 0.493487
  type: 'test'
  ...
# Subtest: Case import merges newer per-task changes, preserves unknown tasks/checkpoints and local settings
ok 61 - Case import merges newer per-task changes, preserves unknown tasks/checkpoints and local settings
  ---
  duration_ms: 1.227629
  type: 'test'
  ...
# Subtest: Malformed case session and dangling case references fail validation atomically
ok 62 - Malformed case session and dangling case references fail validation atomically
  ---
  duration_ms: 0.548858
  type: 'test'
  ...
# Subtest: V1/V2 store migration is idempotent with V2.2 presentation and case answers
ok 63 - V1/V2 store migration is idempotent with V2.2 presentation and case answers
  ---
  duration_ms: 0.707203
  type: 'test'
  ...
# Subtest: Four palette tokens pass 4.5:1 text and 3:1 focus contrast on panels
ok 64 - Four palette tokens pass 4.5:1 text and 3:1 focus contrast on panels
  ---
  duration_ms: 0.493095
  type: 'test'
  ...
# Subtest: Fluent Soft remains a light palette and terminal is inherited by default
ok 65 - Fluent Soft remains a light palette and terminal is inherited by default
  ---
  duration_ms: 0.157843
  type: 'test'
  ...
# Subtest: Model diagrams have isolated marker IDs and semantic CSS classes for all themes
ok 66 - Model diagrams have isolated marker IDs and semantic CSS classes for all themes
  ---
  duration_ms: 0.905241
  type: 'test'
  ...
# Subtest: Deepnote direct metadata validates explicit safe URLs; blank remains hidden
ok 67 - Deepnote direct metadata validates explicit safe URLs; blank remains hidden
  ---
  duration_ms: 0.50074
  type: 'test'
  ...
# Subtest: Mermaid is pinned to the requested patched baseline
ok 68 - Mermaid is pinned to the requested patched baseline
  ---
  duration_ms: 0.128549
  type: 'test'
  ...
# Subtest: Bash log pipeline preserves original line numbers and ignores case
ok 69 - Bash log pipeline preserves original line numbers and ignores case
  ---
  duration_ms: 2.613792
  type: 'test'
  ...
# Subtest: Bash country aggregation runs through text streams
ok 70 - Bash country aggregation runs through text streams
  ---
  duration_ms: 0.621333
  type: 'test'
  ...
# Subtest: head/tail support explicit files without -n, and zero requested lines
ok 71 - head/tail support explicit files without -n, and zero requested lines
  ---
  duration_ms: 0.317099
  type: 'test'
  ...
# Subtest: A no-match pipeline contains no fake error rows
ok 72 - A no-match pipeline contains no fake error rows
  ---
  duration_ms: 0.249493
  type: 'test'
  ...
# Subtest: PowerShell CSV pipeline retains objects with string properties
ok 73 - PowerShell CSV pipeline retains objects with string properties
  ---
  duration_ms: 1.191722
  type: 'test'
  ...
# Subtest: PowerShell explicit cast performs numeric rather than lexical comparison
ok 74 - PowerShell explicit cast performs numeric rather than lexical comparison
  ---
  duration_ms: 0.476064
  type: 'test'
  ...
# Subtest: PowerShell JSON expansion filters complete objects
ok 75 - PowerShell JSON expansion filters complete objects
  ---
  duration_ms: 0.839919
  type: 'test'
  ...
# Subtest: PowerShell Group-Object retains grouped objects and counts
ok 76 - PowerShell Group-Object retains grouped objects and counts
  ---
  duration_ms: 0.321126
  type: 'test'
  ...
# Subtest: CSV roundtrip handles quoted commas and escaped quotes
ok 77 - CSV roundtrip handles quoted commas and escaped quotes
  ---
  duration_ms: 1.344786
  type: 'test'
  ...
# Subtest: Virtual writes change only the cloned virtual filesystem
ok 78 - Virtual writes change only the cloned virtual filesystem
  ---
  duration_ms: 0.460696
  type: 'test'
  ...
# Subtest: Shells are distinct and unsafe/network/subshell commands fail without file changes
ok 79 - Shells are distinct and unsafe/network/subshell commands fail without file changes
  ---
  duration_ms: 0.563796
  type: 'test'
  ...
# Subtest: Pipeline splitting respects quoted pipe and PowerShell blocks
ok 80 - Pipeline splitting respects quoted pipe and PowerShell blocks
  ---
  duration_ms: 0.367312
  type: 'test'
  ...
1..80
# tests 80
# suites 0
# pass 80
# fail 0
# cancelled 0
# skipped 0
# todo 0
# duration_ms 267.866266
