PASS Desktop fixed-height workstation and real CodeMirror visible
PASS Reference reveal is deliberate and resets on navigation
PASS Code, notes, confidence and bookmark survive navigation
PASS Keyboard split resize, drawer collapse and focus mode work
FAIL Library filtering survives selecting an exercise es=page.locator('[data-question]').all_text_contents();assert titles and all('Medium' in t for t in titles)
                                ~~~~~~~~~~~~~~~~~~~~~~~~~~~~~~~~~~~~~~~~~^^^^^^^^^^
  File "/opt/pyvenv/lib/python3.13/site-packages/playwright/sync_api/_generated.py", line 17636, in select_option
    self._sync(
    ~~~~~~~~~~^
        self._impl_obj.select_option(
        ^^^^^^^^^^^^^^^^^^^^^^^^^^^^^
    ...<7 lines>...
        )
        ^
    )
    ^
  File "/opt/pyvenv/lib/python3.13/site-packages/playwright/_impl/_sync_base.py", line 115, in _sync
    return task.result()
           ~~~~~~~~~~~^^
  File "/opt/pyvenv/lib/python3.13/site-packages/playwright/_impl/_locator.py", line 597, in select_option
    return await self._frame.select_option(
           ^^^^^^^^^^^^^^^^^^^^^^^^^^^^^^^^
    ...<3 lines>...
    )
    ^
  File "/opt/pyvenv/lib/python3.13/site-packages/playwright/_impl/_frame.py", line 781, in select_option
    return await self._channel.send("selectOption", self._timeout, params)
           ^^^^^^^^^^^^^^^^^^^^^^^^^^^^^^^^^^^^^^^^^^^^^^^^^^^^^^^^^^^^^^^
  File "/opt/pyvenv/lib/python3.13/site-packages/playwright/_impl/_connection.py", line 69, in send
    return await self._connection.wrap_api_call(
           ^^^^^^^^^^^^^^^^^^^^^^^^^^^^^^^^^^^^^
    ...<3 lines>...
    )
    ^
  File "/opt/pyvenv/lib/python3.13/site-packages/playwright/_impl/_connection.py", line 559, in wrap_api_call
    raise rewrite_error(error, f"{parsed_st['apiName']}: {error}") from None
playwright._impl._errors.TimeoutError: Locator.select_option: Timeout 3000ms exceeded.
Call log:
  - waiting for locator("#difficulty")
    - locator resolved to <select id="difficulty" aria-label="Difficulty">…</select>
  - attempting select option action
    2 × waiting for element to be visible and enabled
      - element is not visible
    - retrying select option action
    - waiting 20ms
    2 × waiting for element to be visible and enabled
      - element is not visible
    - retrying select option action
      - waiting 100ms
    6 × waiting for element to be visible and enabled
      - element is not visible
    - retrying select option action
      - waiting 500ms


PASS Renderer/views: sql-paid-revenue
PASS Renderer/views: sql-latest-order
PASS Renderer/views: python-aggregate
PASS Renderer/views: python-two-sum
PASS Renderer/views: spark-dedup
PASS Renderer/views: tsql-running-total
PASS Renderer/views: bigquery-qualify
PASS Renderer/views: pandas-grain
PASS Renderer/views: git-safe-undo
PASS Renderer/views: linux-log-triage
PASS Renderer/views: bi-star-schema
PASS Renderer/views: bi-revenue
PASS Renderer/views: bi-margin
PASS Renderer/views: bi-filter-context
PASS Renderer/views: bi-csharp
PASS Renderer/views: bi-scd
PASS Renderer/views: dag-data-quality
PASS Renderer/views: adf-watermark
PASS Renderer/views: dbt-lineage
PASS Renderer/views: dag-idempotency
PASS Renderer/views: arch-fabric
PASS Renderer/views: arch-databricks
PASS Renderer/views: arch-bigquery
PASS Renderer/views: arch-tofu
node:events:486
      throw er; // Unhandled 'error' event
      ^

Error: write EPIPE
    at afterWriteDispatched (node:internal/stream_base_commons:159:15)
    at writeGeneric (node:internal/stream_base_commons:150:3)
    at Socket._writeGeneric (node:net:966:11)
    at Socket._write (node:net:978:8)
    at writeOrBuffer (node:internal/streams/writable:570:12)
    at _write (node:internal/streams/writable:499:10)
    at Writable.write (node:internal/streams/writable:508:10)
    at PipeTransport.send (/opt/pyvenv/lib/python3.13/site-packages/playwright/driver/package/lib/server/utils/pipeTransport.js:52:21)
    at dispatcherConnection.onmessage (/opt/pyvenv/lib/python3.13/site-packages/playwright/driver/package/lib/cli/driver.js:60:59)
    at DispatcherConnection.sendDispose (/opt/pyvenv/lib/python3.13/site-packages/playwright/driver/package/lib/server/dispatchers/dispatcher.js:191:10)
Emitted 'error' event on Socket instance at:
    at emitErrorNT (node:internal/streams/destroy:170:8)
    at emitErrorCloseNT (node:internal/streams/destroy:129:3)
    at process.processTicksAndRejections (node:internal/process/task_queues:89:21) {
  errno: -32,
  code: 'EPIPE',
  syscall: 'write'
}

Node.js v24.11.1
